{
 "cells": [
  {
   "cell_type": "markdown",
   "metadata": {
    "vscode": {
     "languageId": "shellscript"
    }
   },
   "source": [
    "https://www.home-assistant.io/installation/linux"
   ]
  },
  {
   "cell_type": "code",
   "execution_count": null,
   "metadata": {
    "vscode": {
     "languageId": "shellscript"
    }
   },
   "outputs": [],
   "source": [
    "wget https://github.com/home-assistant/operating-system/releases/download/12.4/haos_ova-12.4.qcow2.xz"
   ]
  },
  {
   "cell_type": "code",
   "execution_count": 5,
   "metadata": {
    "vscode": {
     "languageId": "shellscript"
    }
   },
   "outputs": [
    {
     "data": {
      "text/plain": [
       "'/home/griffin/git/hot/infrastructure/gcp/homeassistant'"
      ]
     },
     "execution_count": 5,
     "metadata": {},
     "output_type": "execute_result"
    }
   ],
   "source": [
    "%pwd"
   ]
  },
  {
   "cell_type": "code",
   "execution_count": 12,
   "metadata": {
    "vscode": {
     "languageId": "shellscript"
    }
   },
   "outputs": [
    {
     "name": "stdout",
     "output_type": "stream",
     "text": [
      "haos_ova-12.4.qcow2\n"
     ]
    }
   ],
   "source": [
    "! ls haos_ova-12.4.qcow2"
   ]
  },
  {
   "cell_type": "code",
   "execution_count": null,
   "metadata": {
    "vscode": {
     "languageId": "shellscript"
    }
   },
   "outputs": [],
   "source": [
    "# loader is instead of ovmf"
   ]
  },
  {
   "cell_type": "code",
   "execution_count": 17,
   "metadata": {
    "vscode": {
     "languageId": "shellscript"
    }
   },
   "outputs": [
    {
     "name": "stdout",
     "output_type": "stream",
     "text": [
      "WARNING  Using --osinfo generic, VM performance may suffer. Specify an accurate OS for optimal results.\n",
      "\n",
      "Starting install...\n",
      "Creating domain...                                          |    0 B  00:00     \n",
      "Running text console command: virsh --connect qemu:///session console homeassistant\n",
      "Connected to domain 'homeassistant'\n",
      "Escape character is ^] (Ctrl + ])\n",
      "\u001b[2J\u001b[01;01H\u001b[=3h\u001b[2J\u001b[01;01H\u001b[2J\u001b[01;01H\u001b[=3h\u001b[2J\u001b[01;01HBdsDxe: loading Boot0001 \"UEFI QEMU QEMU HARDDISK \" from PciRoot(0x0)/Pci(0x3,0x0)/Scsi(0x0,0x0)\n",
      "BdsDxe: starting Boot0001 \"UEFI QEMU QEMU HARDDISK \" from PciRoot(0x0)/Pci(0x3,0x0)/Scsi(0x0,0x0)\n",
      "error: file `/EFI/BOOT/grubenv' not found.\n",
      "error: file `/EFI/BOOT/grubenv' not found.\n",
      "\u001b[0m\u001b[30m\u001b[40m\u001b[2J\u001b[01;01H\u001b[0m\u001b[37m\u001b[40m\u001b[02;30HGNU GRUB  version 2.12\n",
      "\n",
      "\u001b[04;02H┌────────────────────────────────────────────────────────────────────────────┐\u001b[05;02H│\u001b[05;79H│\u001b[06;02H│\u001b[06;79H│\u001b[07;02H│\u001b[07;79H│\u001b[08;02H│\u001b[08;79H│\u001b[09;02H│\u001b[09;79H│\u001b[10;02H│\u001b[10;79H│\u001b[11;02H│\u001b[11;79H│\u001b[12;02H│\u001b[12;79H│\u001b[13;02H│\u001b[13;79H│\u001b[14;02H│\u001b[14;79H│\u001b[15;02H│\u001b[15;79H│\u001b[16;02H│\u001b[16;79H│\u001b[17;02H│\u001b[17;79H│\u001b[18;02H│\u001b[18;79H│\u001b[19;02H│\u001b[19;79H│\u001b[20;02H│\u001b[20;79H│\u001b[21;02H│\u001b[21;79H│\u001b[22;02H│\u001b[22;79H│\u001b[23;02H│\u001b[23;79H│\u001b[24;02H│\u001b[24;79H│\u001b[25;02H│\u001b[25;79H│\u001b[26;02H│\u001b[26;79H│\u001b[27;02H│\u001b[27;79H│\u001b[28;02H│\u001b[28;79H│\u001b[29;02H│\u001b[29;79H│\u001b[30;02H│\u001b[30;79H│\u001b[31;02H│\u001b[31;79H│\u001b[32;02H│\u001b[32;79H│\u001b[33;02H│\u001b[33;79H│\u001b[34;02H│\u001b[34;79H│\u001b[35;02H│\u001b[35;79H│\u001b[36;02H│\u001b[36;79H│\u001b[37;02H│\u001b[37;79H│\u001b[38;02H│\u001b[38;79H│\u001b[39;02H│\u001b[39;79H│\u001b[40;02H│\u001b[40;79H│\u001b[41;02H│\u001b[41;79H│\u001b[42;02H│\u001b[42;79H│\u001b[43;02H└────────────────────────────────────────────────────────────────────────────┘\u001b[44;02H\u001b[45;02H     Use the ▲ and ▼ keys to select which entry is highlighted.          \n",
      "      Press enter to boot the selected OS, `e' to edit the commands       \n",
      "      before booting or `c' for a command-line.                           \u001b[05;80H \u001b[0m\u001b[30m\u001b[47m\u001b[05;03H*Slot A (OK=0 TRY=0)                                                        \u001b[0m\u001b[37m\u001b[40m\u001b[05;78H\u001b[06;03H Slot B (OK=0 TRY=0)                                                        \u001b[06;78H\u001b[07;03H Slot A (rescue shell)                                                      \u001b[07;78H\u001b[08;03H Slot B (rescue shell)                                                      \u001b[08;78H\u001b[09;03H                                                                            \u001b[09;78H\u001b[10;03H                                                                            \u001b[10;78H\u001b[11;03H                                                                            \u001b[11;78H\u001b[12;03H                                                                            \u001b[12;78H\u001b[13;03H                                                                            \u001b[13;78H\u001b[14;03H                                                                            \u001b[14;78H\u001b[15;03H                                                                            \u001b[15;78H\u001b[16;03H                                                                            \u001b[16;78H\u001b[17;03H                                                                            \u001b[17;78H\u001b[18;03H                                                                            \u001b[18;78H\u001b[19;03H                                                                            \u001b[19;78H\u001b[20;03H                                                                            \u001b[20;78H\u001b[21;03H                                                                            \u001b[21;78H\u001b[22;03H                                                                            \u001b[22;78H\u001b[23;03H                                                                            \u001b[23;78H\u001b[24;03H                                                                            \u001b[24;78H\u001b[25;03H                                                                            \u001b[25;78H\u001b[26;03H                                                                            \u001b[26;78H\u001b[27;03H                                                                            \u001b[27;78H\u001b[28;03H                                                                            \u001b[28;78H\u001b[29;03H                                                                            \u001b[29;78H\u001b[30;03H                                                                            \u001b[30;78H\u001b[31;03H                                                                            \u001b[31;78H\u001b[32;03H                                                                            \u001b[32;78H\u001b[33;03H                                                                            \u001b[33;78H\u001b[34;03H                                                                            \u001b[34;78H\u001b[35;03H                                                                            \u001b[35;78H\u001b[36;03H                                                                            \u001b[36;78H\u001b[37;03H                                                                            \u001b[37;78H\u001b[38;03H                                                                            \u001b[38;78H\u001b[39;03H                                                                            \u001b[39;78H\u001b[40;03H                                                                            \u001b[40;78H\u001b[41;03H                                                                            \u001b[41;78H\u001b[42;03H                                                                            \u001b[42;78H\u001b[42;80H \u001b[05;78H\u001b[48;01H   The highlighted entry will be executed automatically in 1s.                 \u001b[05;78H\u001b[48;01H   The highlighted entry will be executed automatically in 0s.                 \u001b[05;78H\u001b[0m\u001b[30m\u001b[40m\u001b[2J\u001b[01;01H\u001b[0m\u001b[37m\u001b[40m\u001b[0m\u001b[30m\u001b[40m\u001b[2J\u001b[01;01H\u001b[0m\u001b[37m\u001b[40m  Booting `Slot A (OK=0 TRY=0)'\n",
      "\n",
      "[    0.000000] Linux version 6.6.33-haos (builder@bfa75d3d66a7) (x86_64-buildroot-linux-gnu-gcc.br_real (Buildroot -gd03dda4f) 12.3.0, GNU ld (GNU Binutils) 2.40) #1 SMP PREEMPT_DYNAMIC Tue Jun 18 13:51:59 UTC 2024\n",
      "[    0.000000] Command line: BOOT_IMAGE=(hd0,gpt2)/bzImage root=PARTUUID=8d3d53e3-6d49-4c38-8349-aff6859e82fd rootwait zram.enabled=1 zram.num_devices=3 systemd.machine_id= fsck.repair=yes systemd.condition-first-boot=true console=ttyS0 console=tty0 rauc.slot=A\n",
      "[    0.000000] BIOS-provided physical RAM map:\n",
      "[    0.000000] BIOS-e820: [mem 0x0000000000000000-0x000000000009ffff] usable\n",
      "[    0.000000] BIOS-e820: [mem 0x0000000000100000-0x000000007f8ecfff] usable\n",
      "[    0.000000] BIOS-e820: [mem 0x000000007f8ed000-0x000000007fb6cfff] reserved\n",
      "[    0.000000] BIOS-e820: [mem 0x000000007fb6d000-0x000000007fb7efff] ACPI data\n",
      "[    0.000000] BIOS-e820: [mem 0x000000007fb7f000-0x000000007fbfefff] ACPI NVS\n",
      "[    0.000000] BIOS-e820: [mem 0x000000007fbff000-0x000000007ff7bfff] usable\n",
      "[    0.000000] BIOS-e820: [mem 0x000000007ff7c000-0x000000007fffffff] reserved\n",
      "[    0.000000] BIOS-e820: [mem 0x00000000feffc000-0x00000000feffffff] reserved\n",
      "[    0.000000] BIOS-e820: [mem 0x000000fd00000000-0x000000ffffffffff] reserved\n",
      "[    0.000000] NX (Execute Disable) protection: active\n",
      "[    0.000000] APIC: Static calls initialized\n",
      "[    0.000000] extended physical RAM map:\n",
      "[    0.000000] reserve setup_data: [mem 0x0000000000000000-0x000000000009ffff] usable\n",
      "[    0.000000] reserve setup_data: [mem 0x0000000000100000-0x000000007e6cd017] usable\n",
      "[    0.000000] reserve setup_data: [mem 0x000000007e6cd018-0x000000007e705c57] usable\n",
      "[    0.000000] reserve setup_data: [mem 0x000000007e705c58-0x000000007f8ecfff] usable\n",
      "[    0.000000] reserve setup_data: [mem 0x000000007f8ed000-0x000000007fb6cfff] reserved\n",
      "[    0.000000] reserve setup_data: [mem 0x000000007fb6d000-0x000000007fb7efff] ACPI data\n",
      "[    0.000000] reserve setup_data: [mem 0x000000007fb7f000-0x000000007fbfefff] ACPI NVS\n",
      "[    0.000000] reserve setup_data: [mem 0x000000007fbff000-0x000000007ff7bfff] usable\n",
      "[    0.000000] reserve setup_data: [mem 0x000000007ff7c000-0x000000007fffffff] reserved\n",
      "[    0.000000] reserve setup_data: [mem 0x00000000feffc000-0x00000000feffffff] reserved\n",
      "[    0.000000] reserve setup_data: [mem 0x000000fd00000000-0x000000ffffffffff] reserved\n",
      "[    0.000000] efi: EFI v2.7 by EDK II\n",
      "[    0.000000] efi: SMBIOS=0x7f93f000 SMBIOS 3.0=0x7f93d000 ACPI=0x7fb7e000 ACPI 2.0=0x7fb7e014 MEMATTR=0x7e715018 \n",
      "[    0.000000] SMBIOS 3.0.0 present.\n",
      "[    0.000000] DMI: QEMU Standard PC (i440FX + PIIX, 1996), BIOS unknown 2/2/2022\n",
      "[    0.000000] Hypervisor detected: KVM\n",
      "[    0.000000] kvm-clock: Using msrs 4b564d01 and 4b564d00\n",
      "[    0.000000] kvm-clock: using sched offset of 1988784505 cycles\n",
      "[    0.000002] clocksource: kvm-clock: mask: 0xffffffffffffffff max_cycles: 0x1cd42e4dffb, max_idle_ns: 881590591483 ns\n",
      "[    0.000004] tsc: Detected 1796.617 MHz processor\n",
      "[    0.000107] last_pfn = 0x7ff7c max_arch_pfn = 0x400000000\n",
      "[    0.000137] MTRR map: 4 entries (2 fixed + 2 variable; max 18), built from 8 variable MTRRs\n",
      "[    0.000140] x86/PAT: Configuration [0-7]: WB  WC  UC- UC  WB  WP  UC- WT  \n",
      "[    0.003593] Using GB pages for direct mapping\n",
      "[    0.003813] Secure boot disabled\n",
      "[    0.003815] ACPI: Early table checksum verification disabled\n",
      "[    0.003818] ACPI: RSDP 0x000000007FB7E014 000024 (v02 BOCHS )\n",
      "[    0.003821] ACPI: XSDT 0x000000007FB7D0E8 00003C (v01 BOCHS  BXPC     00000001      01000013)\n",
      "[    0.003825] ACPI: FACP 0x000000007FB7A000 000074 (v01 BOCHS  BXPC     00000001 BXPC 00000001)\n",
      "[    0.003829] ACPI: DSDT 0x000000007FB7B000 001A1C (v01 BOCHS  BXPC     00000001 BXPC 00000001)\n",
      "[    0.003831] ACPI: FACS 0x000000007FBDD000 000040\n",
      "[    0.003832] ACPI: APIC 0x000000007FB79000 000080 (v03 BOCHS  BXPC     00000001 BXPC 00000001)\n",
      "[    0.003834] ACPI: WAET 0x000000007FB78000 000028 (v01 BOCHS  BXPC     00000001 BXPC 00000001)\n",
      "[    0.003835] ACPI: Reserving FACP table memory at [mem 0x7fb7a000-0x7fb7a073]\n",
      "[    0.003836] ACPI: Reserving DSDT table memory at [mem 0x7fb7b000-0x7fb7ca1b]\n",
      "[    0.003837] ACPI: Reserving FACS table memory at [mem 0x7fbdd000-0x7fbdd03f]\n",
      "[    0.003838] ACPI: Reserving APIC table memory at [mem 0x7fb79000-0x7fb7907f]\n",
      "[    0.003838] ACPI: Reserving WAET table memory at [mem 0x7fb78000-0x7fb78027]\n",
      "[    0.004036] No NUMA configuration found\n",
      "[    0.004036] Faking a node at [mem 0x0000000000000000-0x000000007ff7bfff]\n",
      "[    0.004038] NODE_DATA(0) allocated [mem 0x7ff01000-0x7ff06fff]\n",
      "[    0.004052] Zone ranges:\n",
      "[    0.004053]   DMA      [mem 0x0000000000001000-0x0000000000ffffff]\n",
      "[    0.004054]   DMA32    [mem 0x0000000001000000-0x000000007ff7bfff]\n",
      "[    0.004055]   Normal   empty\n",
      "[    0.004056]   Device   empty\n",
      "[    0.004056] Movable zone start for each node\n",
      "[    0.004057] Early memory node ranges\n",
      "[    0.004057]   node   0: [mem 0x0000000000001000-0x000000000009ffff]\n",
      "[    0.004058]   node   0: [mem 0x0000000000100000-0x000000007f8ecfff]\n",
      "[    0.004059]   node   0: [mem 0x000000007fbff000-0x000000007ff7bfff]\n",
      "[    0.004060] Initmem setup node 0 [mem 0x0000000000001000-0x000000007ff7bfff]\n",
      "[    0.004064] On node 0, zone DMA: 1 pages in unavailable ranges\n",
      "[    0.004088] On node 0, zone DMA: 96 pages in unavailable ranges\n",
      "[    0.010604] On node 0, zone DMA32: 786 pages in unavailable ranges\n",
      "[    0.010610] On node 0, zone DMA32: 132 pages in unavailable ranges\n",
      "[    0.010935] ACPI: PM-Timer IO Port: 0xb008\n",
      "[    0.010941] ACPI: LAPIC_NMI (acpi_id[0xff] dfl dfl lint[0x1])\n",
      "[    0.010974] IOAPIC[0]: apic_id 0, version 17, address 0xfec00000, GSI 0-23\n",
      "[    0.010976] ACPI: INT_SRC_OVR (bus 0 bus_irq 0 global_irq 2 dfl dfl)\n",
      "[    0.010978] ACPI: INT_SRC_OVR (bus 0 bus_irq 5 global_irq 5 high level)\n",
      "[    0.010979] ACPI: INT_SRC_OVR (bus 0 bus_irq 9 global_irq 9 high level)\n",
      "[    0.010980] ACPI: INT_SRC_OVR (bus 0 bus_irq 10 global_irq 10 high level)\n",
      "[    0.010981] ACPI: INT_SRC_OVR (bus 0 bus_irq 11 global_irq 11 high level)\n",
      "[    0.010983] ACPI: Using ACPI (MADT) for SMP configuration information\n",
      "[    0.010985] TSC deadline timer available\n",
      "[    0.010986] smpboot: Allowing 2 CPUs, 0 hotplug CPUs\n",
      "[    0.011004] kvm-guest: APIC: eoi() replaced with kvm_guest_apic_eoi_write()\n",
      "[    0.011017] kvm-guest: KVM setup pv remote TLB flush\n",
      "[    0.011020] kvm-guest: setup PV sched yield\n",
      "[    0.011027] PM: hibernation: Registered nosave memory: [mem 0x00000000-0x00000fff]\n",
      "[    0.011029] PM: hibernation: Registered nosave memory: [mem 0x000a0000-0x000fffff]\n",
      "[    0.011029] PM: hibernation: Registered nosave memory: [mem 0x7e6cd000-0x7e6cdfff]\n",
      "[    0.011030] PM: hibernation: Registered nosave memory: [mem 0x7e705000-0x7e705fff]\n",
      "[    0.011031] PM: hibernation: Registered nosave memory: [mem 0x7f8ed000-0x7fb6cfff]\n",
      "[    0.011032] PM: hibernation: Registered nosave memory: [mem 0x7fb6d000-0x7fb7efff]\n",
      "[    0.011032] PM: hibernation: Registered nosave memory: [mem 0x7fb7f000-0x7fbfefff]\n",
      "[    0.011033] [mem 0x80000000-0xfeffbfff] available for PCI devices\n",
      "[    0.011035] Booting paravirtualized kernel on KVM\n",
      "[    0.011038] clocksource: refined-jiffies: mask: 0xffffffff max_cycles: 0xffffffff, max_idle_ns: 1910969940391419 ns\n",
      "[    0.015918] setup_percpu: NR_CPUS:64 nr_cpumask_bits:2 nr_cpu_ids:2 nr_node_ids:1\n",
      "[    0.016120] percpu: Embedded 58 pages/cpu s196904 r8192 d32472 u1048576\n",
      "[    0.016161] kvm-guest: PV spinlocks enabled\n",
      "[    0.016163] PV qspinlock hash table entries: 256 (order: 0, 4096 bytes, linear)\n",
      "[    0.016167] Kernel command line: BOOT_IMAGE=(hd0,gpt2)/bzImage root=PARTUUID=8d3d53e3-6d49-4c38-8349-aff6859e82fd rootwait zram.enabled=1 zram.num_devices=3 systemd.machine_id= fsck.repair=yes systemd.condition-first-boot=true console=ttyS0 console=tty0 rauc.slot=A\n",
      "[    0.016228] Unknown kernel command line parameters \"BOOT_IMAGE=(hd0,gpt2)/bzImage\", will be passed to user space.\n",
      "[    0.016249] random: crng init done\n",
      "[    0.016496] Dentry cache hash table entries: 262144 (order: 9, 2097152 bytes, linear)\n",
      "[    0.016976] Inode-cache hash table entries: 131072 (order: 8, 1048576 bytes, linear)\n",
      "[    0.017000] Fallback order for Node 0: 0 \n",
      "[    0.017004] Built 1 zonelists, mobility grouping on.  Total pages: 512906\n",
      "[    0.017005] Policy zone: DMA32\n",
      "[    0.017006] mem auto-init: stack:all(zero), heap alloc:off, heap free:off\n",
      "[    0.021607] Memory: 1975844K/2093092K available (20480K kernel code, 2777K rwdata, 7400K rodata, 3000K init, 2504K bss, 116992K reserved, 0K cma-reserved)\n",
      "[    0.021643] SLUB: HWalign=64, Order=0-3, MinObjects=0, CPUs=2, Nodes=1\n",
      "[    0.021720] Dynamic Preempt: full\n",
      "[    0.065445] rcu: Preemptible hierarchical RCU implementation.\n",
      "[    0.065455] rcu: \tRCU event tracing is enabled.\n",
      "[    0.065455] rcu: \tRCU restricting CPUs from NR_CPUS=64 to nr_cpu_ids=2.\n",
      "[    0.065460] \tTrampoline variant of Tasks RCU enabled.\n",
      "[    0.065461] \tTracing variant of Tasks RCU enabled.\n",
      "[    0.065461] rcu: RCU calculated value of scheduler-enlistment delay is 100 jiffies.\n",
      "[    0.065462] rcu: Adjusting geometry for rcu_fanout_leaf=16, nr_cpu_ids=2\n",
      "[    0.066689] NR_IRQS: 4352, nr_irqs: 440, preallocated irqs: 16\n",
      "[    0.066914] rcu: srcu_init: Setting srcu_struct sizes based on contention.\n",
      "[    0.067016] Console: colour dummy device 80x25\n",
      "[    0.067019] printk: console [tty0] enabled\n",
      "[    0.067267] printk: console [ttyS0] enabled\n",
      "[    0.168852] ACPI: Core revision 20230628\n",
      "[    0.169577] APIC: Switch to symmetric I/O mode setup\n",
      "[    0.170320] kvm-guest: APIC: send_IPI_mask() replaced with kvm_send_ipi_mask()\n",
      "[    0.171371] kvm-guest: APIC: send_IPI_mask_allbutself() replaced with kvm_send_ipi_mask_allbutself()\n",
      "[    0.172703] kvm-guest: setup PV IPIs\n",
      "[    0.174252] tsc: Marking TSC unstable due to TSCs unsynchronized\n",
      "[    0.175193] Calibrating delay loop (skipped) preset value.. 3593.23 BogoMIPS (lpj=1796617)\n",
      "[    0.176180] x86/cpu: User Mode Instruction Prevention (UMIP) activated\n",
      "[    0.176180] Last level iTLB entries: 4KB 512, 2MB 255, 4MB 127\n",
      "[    0.176180] Last level dTLB entries: 4KB 512, 2MB 255, 4MB 127, 1GB 0\n",
      "[    0.176180] Spectre V1 : Mitigation: usercopy/swapgs barriers and __user pointer sanitization\n",
      "[    0.176180] Spectre V2 : Mitigation: Retpolines\n",
      "[    0.176180] Spectre V2 : Spectre v2 / SpectreRSB mitigation: Filling RSB on context switch\n",
      "[    0.176180] Spectre V2 : Spectre v2 / SpectreRSB : Filling RSB on VMEXIT\n",
      "[    0.176180] Spectre V2 : Enabling Speculation Barrier for firmware calls\n",
      "[    0.176180] RETBleed: Mitigation: untrained return thunk\n",
      "[    0.176180] Spectre V2 : mitigation: Enabling conditional Indirect Branch Prediction Barrier\n",
      "[    0.176180] Speculative Store Bypass: Mitigation: Speculative Store Bypass disabled via prctl\n",
      "[    0.176180] Speculative Return Stack Overflow: IBPB-extending microcode not applied!\n",
      "[    0.176180] Speculative Return Stack Overflow: WARNING: See https://kernel.org/doc/html/latest/admin-guide/hw-vuln/srso.html for mitigation options.\n",
      "[    0.176180] Speculative Return Stack Overflow: Vulnerable: Safe RET, no microcode\n",
      "[    0.176180] x86/fpu: Supporting XSAVE feature 0x001: 'x87 floating point registers'\n",
      "[    0.176180] x86/fpu: Supporting XSAVE feature 0x002: 'SSE registers'\n",
      "[    0.176180] x86/fpu: Supporting XSAVE feature 0x004: 'AVX registers'\n",
      "[    0.176180] x86/fpu: xstate_offset[2]:  576, xstate_sizes[2]:  256\n",
      "[    0.176180] x86/fpu: Enabled xstate features 0x7, context size is 832 bytes, using 'compacted' format.\n",
      "[    0.176180] Freeing SMP alternatives memory: 56K\n",
      "[    0.176180] pid_max: default: 32768 minimum: 301\n",
      "[    0.176180] LSM: initializing lsm=capability,apparmor,integrity\n",
      "[    0.176180] AppArmor: AppArmor initialized\n",
      "[    0.176180] Mount-cache hash table entries: 4096 (order: 3, 32768 bytes, linear)\n",
      "[    0.176180] Mountpoint-cache hash table entries: 4096 (order: 3, 32768 bytes, linear)\n",
      "[    0.176180] smpboot: CPU0: AMD Ryzen 7 5700U with Radeon Graphics (family: 0x17, model: 0x68, stepping: 0x1)\n",
      "[    0.176369] RCU Tasks: Setting shift to 1 and lim to 1 rcu_task_cb_adjust=1.\n",
      "[    0.177218] RCU Tasks Trace: Setting shift to 1 and lim to 1 rcu_task_cb_adjust=1.\n",
      "[    0.178164] Performance Events: Fam17h+ core perfctr, AMD PMU driver.\n",
      "[    0.179071] ... version:                0\n",
      "[    0.179198] ... bit width:              48\n",
      "[    0.179799] ... generic registers:      6\n",
      "[    0.180194] ... value mask:             0000ffffffffffff\n",
      "[    0.180845] ... max period:             00007fffffffffff\n",
      "[    0.181186] ... fixed-purpose events:   0\n",
      "[    0.181701] ... event mask:             000000000000003f\n",
      "[    0.182430] signal: max sigframe size: 1776\n",
      "[    0.183045] rcu: Hierarchical SRCU implementation.\n",
      "[    0.183184] rcu: \tMax phase no-delay instances is 400.\n",
      "[    0.188352] smp: Bringing up secondary CPUs ...\n",
      "[    0.189305] smpboot: x86: Booting SMP configuration:\n",
      "[    0.189960] .... node  #0, CPUs:      #1\n",
      "[    0.190237] smp: Brought up 1 node, 2 CPUs\n",
      "[    0.191216] smpboot: Max logical packages: 2\n",
      "[    0.191810] smpboot: Total of 2 processors activated (7186.46 BogoMIPS)\n",
      "[    0.193196] devtmpfs: initialized\n",
      "[    0.193826] x86/mm: Memory block size: 128MB\n",
      "[    0.194827] ACPI: PM: Registering ACPI NVS region [mem 0x7fb7f000-0x7fbfefff] (524288 bytes)\n",
      "[    0.195350] clocksource: jiffies: mask: 0xffffffff max_cycles: 0xffffffff, max_idle_ns: 1911260446275000 ns\n",
      "[    0.196211] futex hash table entries: 512 (order: 3, 32768 bytes, linear)\n",
      "[    0.197135] pinctrl core: initialized pinctrl subsystem\n",
      "[    0.197294] PM: RTC time: 01:54:09, date: 2024-07-17\n",
      "[    0.198187] NET: Registered PF_NETLINK/PF_ROUTE protocol family\n",
      "[    0.199055] audit: initializing netlink subsys (disabled)\n",
      "[    0.199261] audit: type=2000 audit(1721181249.860:1): state=initialized audit_enabled=0 res=1\n",
      "[    0.199330] thermal_sys: Registered thermal governor 'step_wise'\n",
      "[    0.200192] thermal_sys: Registered thermal governor 'user_space'\n",
      "[    0.200966] cpuidle: using governor menu\n",
      "[    0.202377] PCI: Using configuration type 1 for base access\n",
      "[    0.203091] PCI: Using configuration type 1 for extended access\n",
      "[    0.203457] kprobes: kprobe jump-optimization is enabled. All kprobes are optimized if possible.\n",
      "[    0.206327] HugeTLB: registered 1.00 GiB page size, pre-allocated 0 pages\n",
      "[    0.207188] HugeTLB: 16380 KiB vmemmap can be freed for a 1.00 GiB page\n",
      "[    0.207997] HugeTLB: registered 2.00 MiB page size, pre-allocated 0 pages\n",
      "[    0.210189] HugeTLB: 28 KiB vmemmap can be freed for a 2.00 MiB page\n",
      "[    0.211385] ACPI: Added _OSI(Module Device)\n",
      "[    0.211922] ACPI: Added _OSI(Processor Device)\n",
      "[    0.212188] ACPI: Added _OSI(3.0 _SCP Extensions)\n",
      "[    0.212794] ACPI: Added _OSI(Processor Aggregator Device)\n",
      "[    0.216011] ACPI: 1 ACPI AML tables successfully acquired and loaded\n",
      "[    0.220250] ACPI: _OSC evaluation for CPUs failed, trying _PDC\n",
      "[    0.221163] ACPI: Interpreter enabled\n",
      "[    0.221206] ACPI: PM: (supports S0 S5)\n",
      "[    0.221691] ACPI: Using IOAPIC for interrupt routing\n",
      "[    0.224215] PCI: Using host bridge windows from ACPI; if necessary, use \"pci=nocrs\" and report a bug\n",
      "[    0.225184] PCI: Using E820 reservations for host bridge windows\n",
      "[    0.226066] ACPI: Enabled 2 GPEs in block 00 to 0F\n",
      "[    0.232870] ACPI: PCI Root Bridge [PCI0] (domain 0000 [bus 00-ff])\n",
      "[    0.233190] acpi PNP0A03:00: _OSC: OS supports [ExtendedConfig ASPM ClockPM Segments MSI HPX-Type3]\n",
      "[    0.234399] PCI host bridge to bus 0000:00\n",
      "[    0.234907] pci_bus 0000:00: root bus resource [io  0x0000-0x0cf7 window]\n",
      "[    0.235184] pci_bus 0000:00: root bus resource [io  0x0d00-0xffff window]\n",
      "[    0.236015] pci_bus 0000:00: root bus resource [mem 0x000a0000-0x000bffff window]\n",
      "[    0.236183] pci_bus 0000:00: root bus resource [mem 0x80000000-0xfebfffff window]\n",
      "[    0.237115] pci_bus 0000:00: root bus resource [mem 0x380000000000-0x38007fffffff window]\n",
      "[    0.237185] pci_bus 0000:00: root bus resource [bus 00-ff]\n",
      "[    0.238006] pci 0000:00:00.0: [8086:1237] type 00 class 0x060000\n",
      "[    0.239270] pci 0000:00:01.0: [8086:7000] type 00 class 0x060100\n",
      "[    0.240494] pci 0000:00:01.1: [8086:7010] type 00 class 0x010180\n",
      "[    0.242800] pci 0000:00:01.1: reg 0x20: [io  0xc120-0xc12f]\n",
      "[    0.243793] pci 0000:00:01.1: legacy IDE quirk: reg 0x10: [io  0x01f0-0x01f7]\n",
      "[    0.244187] pci 0000:00:01.1: legacy IDE quirk: reg 0x14: [io  0x03f6]\n",
      "[    0.244974] pci 0000:00:01.1: legacy IDE quirk: reg 0x18: [io  0x0170-0x0177]\n",
      "[    0.245183] pci 0000:00:01.1: legacy IDE quirk: reg 0x1c: [io  0x0376]\n",
      "[    0.246187] pci 0000:00:01.3: [8086:7113] type 00 class 0x068000\n",
      "[    0.247249] pci 0000:00:01.3: quirk: [io  0xb000-0xb03f] claimed by PIIX4 ACPI\n",
      "[    0.248141] pci 0000:00:01.3: quirk: [io  0xb100-0xb10f] claimed by PIIX4 SMB\n",
      "[    0.248366] pci 0000:00:02.0: [8086:100e] type 00 class 0x020000\n",
      "[    0.249831] pci 0000:00:02.0: reg 0x10: [mem 0x80040000-0x8005ffff]\n",
      "[    0.250874] pci 0000:00:02.0: reg 0x14: [io  0xc080-0xc0bf]\n",
      "[    0.254190] pci 0000:00:02.0: reg 0x30: [mem 0xfffc0000-0xffffffff pref]\n",
      "[    0.255814] pci 0000:00:03.0: [1af4:1004] type 00 class 0x010000\n",
      "[    0.257031] pci 0000:00:03.0: reg 0x10: [io  0xc040-0xc07f]\n",
      "[    0.257663] pci 0000:00:03.0: reg 0x14: [mem 0x80061000-0x80061fff]\n",
      "[    0.259859] pci 0000:00:03.0: reg 0x20: [mem 0x380000000000-0x380000003fff 64bit pref]\n",
      "[    0.261797] pci 0000:00:04.0: [8086:2934] type 00 class 0x0c0300\n",
      "[    0.263494] pci 0000:00:04.0: reg 0x20: [io  0xc100-0xc11f]\n",
      "[    0.264990] pci 0000:00:04.1: [8086:2935] type 00 class 0x0c0300\n",
      "[    0.266863] pci 0000:00:04.1: reg 0x20: [io  0xc0e0-0xc0ff]\n",
      "[    0.268293] pci 0000:00:04.2: [8086:2936] type 00 class 0x0c0300\n",
      "[    0.270807] pci 0000:00:04.2: reg 0x20: [io  0xc0c0-0xc0df]\n",
      "[    0.272058] pci 0000:00:04.7: [8086:293a] type 00 class 0x0c0320\n",
      "[    0.272480] pci 0000:00:04.7: reg 0x10: [mem 0x80060000-0x80060fff]\n",
      "[    0.275108] pci 0000:00:05.0: [1af4:1002] type 00 class 0x00ff00\n",
      "[    0.275597] pci 0000:00:05.0: reg 0x10: [io  0xc000-0xc03f]\n",
      "[    0.277578] pci 0000:00:05.0: reg 0x20: [mem 0x380000004000-0x380000007fff 64bit pref]\n",
      "[    0.280073] ACPI: PCI: Interrupt link LNKA configured for IRQ 10\n",
      "[    0.280305] ACPI: PCI: Interrupt link LNKB configured for IRQ 10\n",
      "[    0.281332] ACPI: PCI: Interrupt link LNKC configured for IRQ 11\n",
      "[    0.282149] ACPI: PCI: Interrupt link LNKD configured for IRQ 11\n",
      "[    0.282249] ACPI: PCI: Interrupt link LNKS configured for IRQ 9\n",
      "[    0.283384] iommu: Default domain type: Translated\n",
      "[    0.283991] iommu: DMA domain TLB invalidation policy: lazy mode\n",
      "[    0.284343] SCSI subsystem initialized\n",
      "[    0.284925] ACPI: bus type USB registered\n",
      "[    0.285202] usbcore: registered new interface driver usbfs\n",
      "[    0.285951] usbcore: registered new interface driver hub\n",
      "[    0.286197] usbcore: registered new device driver usb\n",
      "[    0.286953] mc: Linux media interface: v0.10\n",
      "[    0.287231] videodev: Linux video capture interface: v2.00\n",
      "[    0.287936] pps_core: LinuxPPS API ver. 1 registered\n",
      "[    0.288192] pps_core: Software ver. 5.3.6 - Copyright 2005-2007 Rodolfo Giometti <giometti@linux.it>\n",
      "[    0.289216] PTP clock support registered\n",
      "[    0.290080] efivars: Registered efivars operations\n",
      "[    0.290264] Advanced Linux Sound Architecture Driver Initialized.\n",
      "[    0.291417] NetLabel: Initializing\n",
      "[    0.291865] NetLabel:  domain hash size = 128\n",
      "[    0.292184] NetLabel:  protocols = UNLABELED CIPSOv4 CALIPSO\n",
      "[    0.292950] NetLabel:  unlabeled traffic allowed by default\n",
      "[    0.293319] PCI: Using ACPI for IRQ routing\n",
      "[    0.293925] vgaarb: loaded\n",
      "[    0.294367] clocksource: Switched to clocksource kvm-clock\n",
      "[    0.295300] VFS: Disk quotas dquot_6.6.0\n",
      "[    0.295807] VFS: Dquot-cache hash table entries: 512 (order 0, 4096 bytes)\n",
      "[    0.297079] AppArmor: AppArmor Filesystem Enabled\n",
      "[    0.297887] pnp: PnP ACPI init\n",
      "[    0.298825] pnp: PnP ACPI: found 5 devices\n",
      "[    0.308074] clocksource: acpi_pm: mask: 0xffffff max_cycles: 0xffffff, max_idle_ns: 2085701024 ns\n",
      "[    0.309836] NET: Registered PF_INET protocol family\n",
      "[    0.310845] IP idents hash table entries: 32768 (order: 6, 262144 bytes, linear)\n",
      "[    0.312203] tcp_listen_portaddr_hash hash table entries: 1024 (order: 2, 16384 bytes, linear)\n",
      "[    0.313302] Table-perturb hash table entries: 65536 (order: 6, 262144 bytes, linear)\n",
      "[    0.314225] TCP established hash table entries: 16384 (order: 5, 131072 bytes, linear)\n",
      "[    0.315313] TCP bind hash table entries: 16384 (order: 7, 524288 bytes, linear)\n",
      "[    0.318320] TCP: Hash tables configured (established 16384 bind 16384)\n",
      "[    0.319501] MPTCP token hash table entries: 2048 (order: 3, 49152 bytes, linear)\n",
      "[    0.320430] UDP hash table entries: 1024 (order: 3, 32768 bytes, linear)\n",
      "[    0.321298] UDP-Lite hash table entries: 1024 (order: 3, 32768 bytes, linear)\n",
      "[    0.322261] NET: Registered PF_UNIX/PF_LOCAL protocol family\n",
      "[    0.323227] RPC: Registered named UNIX socket transport module.\n",
      "[    0.323977] RPC: Registered udp transport module.\n",
      "[    0.324561] RPC: Registered tcp transport module.\n",
      "[    0.325135] RPC: Registered tcp-with-tls transport module.\n",
      "[    0.325808] RPC: Registered tcp NFSv4.1 backchannel transport module.\n",
      "[    0.326625] pci 0000:00:02.0: can't claim BAR 6 [mem 0xfffc0000-0xffffffff pref]: no compatible bridge window\n",
      "[    0.328022] pci 0000:00:02.0: BAR 6: assigned [mem 0x80000000-0x8003ffff pref]\n",
      "[    0.329025] pci_bus 0000:00: resource 4 [io  0x0000-0x0cf7 window]\n",
      "[    0.329789] pci_bus 0000:00: resource 5 [io  0x0d00-0xffff window]\n",
      "[    0.330568] pci_bus 0000:00: resource 6 [mem 0x000a0000-0x000bffff window]\n",
      "[    0.331408] pci_bus 0000:00: resource 7 [mem 0x80000000-0xfebfffff window]\n",
      "[    0.332238] pci_bus 0000:00: resource 8 [mem 0x380000000000-0x38007fffffff window]\n",
      "[    0.333221] pci 0000:00:01.0: PIIX3: Enabling Passive Release\n",
      "[    0.333970] pci 0000:00:00.0: Limiting direct PCI/PCI transfers\n",
      "[    0.364828] ACPI: \\_SB_.LNKD: Enabled at IRQ 11\n",
      "[    0.395126] pci 0000:00:04.0: quirk_usb_early_handoff+0x0/0x7c0 took 58919 usecs\n",
      "[    0.430978] ACPI: \\_SB_.LNKA: Enabled at IRQ 10\n",
      "[    0.463700] pci 0000:00:04.1: quirk_usb_early_handoff+0x0/0x7c0 took 65982 usecs\n",
      "[    0.494548] ACPI: \\_SB_.LNKB: Enabled at IRQ 10\n",
      "[    0.524560] pci 0000:00:04.2: quirk_usb_early_handoff+0x0/0x7c0 took 58280 usecs\n",
      "[    0.554965] ACPI: \\_SB_.LNKC: Enabled at IRQ 11\n",
      "[    0.584870] pci 0000:00:04.7: quirk_usb_early_handoff+0x0/0x7c0 took 57923 usecs\n",
      "[    0.585880] PCI: CLS 0 bytes, default 64\n",
      "[    0.588069] Initialise system trusted keyrings\n",
      "[    0.588942] workingset: timestamp_bits=40 max_order=19 bucket_order=0\n",
      "[    0.589887] squashfs: version 4.0 (2009/01/31) Phillip Lougher\n",
      "[    0.590982] NFS: Registering the id_resolver key type\n",
      "[    0.591648] Key type id_resolver registered\n",
      "[    0.592178] Key type id_legacy registered\n",
      "[    0.592888] fuse: init (API version 7.39)\n",
      "[    0.601693] Key type asymmetric registered\n",
      "[    0.602278] Asymmetric key parser 'x509' registered\n",
      "[    0.602953] Block layer SCSI generic (bsg) driver version 0.4 loaded (major 247)\n",
      "[    0.604179] io scheduler mq-deadline registered\n",
      "[    0.604832] io scheduler kyber registered\n",
      "[    0.605506] hv_vmbus: registering driver hyperv_fb\n",
      "[    0.606235] input: Power Button as /devices/LNXSYSTM:00/LNXPWRBN:00/input/input0\n",
      "[    0.611324] ACPI: button: Power Button [PWRF]\n",
      "[    0.673860] Serial: 8250/16550 driver, 4 ports, IRQ sharing enabled\n",
      "[    0.675125] 00:00: ttyS0 at I/O 0x3f8 (irq = 4, base_baud = 115200) is a 16550A\n",
      "[    0.677376] Non-volatile memory driver v1.3\n",
      "[    0.677931] Linux agpgart interface v0.103\n",
      "[    0.678600] ACPI: bus type drm_connector registered\n",
      "[    0.685960] loop: module loaded\n",
      "[    0.686761] zram: Added device: zram0\n",
      "[    0.687625] zram: Added device: zram1\n",
      "[    0.688546] zram: Added device: zram2\n",
      "[    0.689054] Guest personality initialized and is inactive\n",
      "[    0.689967] VMCI host device registered (name=vmci, major=10, minor=126)\n",
      "[    0.690869] Initialized host personality\n",
      "[    0.692756] scsi host0: Virtio SCSI HBA\n",
      "[    0.694649] scsi 0:0:0:0: Direct-Access     QEMU     QEMU HARDDISK    2.5+ PQ: 0 ANSI: 5\n",
      "[    0.708098] VMware PVSCSI driver - version 1.0.7.0-k\n",
      "[    0.708853] hv_vmbus: registering driver hv_storvsc\n",
      "[    0.709697] sd 0:0:0:0: Power-on or device reset occurred\n",
      "[    0.710435] sd 0:0:0:0: Attached scsi generic sg0 type 0\n",
      "[    0.711281] sd 0:0:0:0: [sda] 67108864 512-byte logical blocks: (34.4 GB/32.0 GiB)\n",
      "[    0.712403] sd 0:0:0:0: [sda] Write Protect is off\n",
      "[    0.713746] sd 0:0:0:0: [sda] Write cache: enabled, read cache: enabled, doesn't support DPO or FUA\n",
      "[    0.715050] scsi host1: ata_piix\n",
      "[    0.715869] scsi host2: ata_piix\n",
      "[    0.716341] ata1: PATA max MWDMA2 cmd 0x1f0 ctl 0x3f6 bmdma 0xc120 irq 14\n",
      "[    0.717274] ata2: PATA max MWDMA2 cmd 0x170 ctl 0x376 bmdma 0xc128 irq 15\n",
      "[    0.718785] tun: Universal TUN/TAP device driver, 1.6\n",
      "[    0.719820]  sda: sda1 sda2 sda3 sda4 sda5 sda6 sda7 sda8\n",
      "[    0.720591] e100: Intel(R) PRO/100 Network Driver\n",
      "[    0.721198] e100: Copyright(c) 1999-2006 Intel Corporation\n",
      "[    0.721946] e1000: Intel(R) PRO/1000 Network Driver\n",
      "[    0.722586] e1000: Copyright (c) 1999-2006 Intel Corporation.\n",
      "[    0.722997] sd 0:0:0:0: [sda] Attached SCSI disk\n",
      "[    1.052827] e1000 0000:00:02.0 eth0: (PCI:33MHz:32-bit) 52:54:00:ee:76:f9\n",
      "[    1.053648] e1000 0000:00:02.0 eth0: Intel(R) PRO/1000 Network Connection\n",
      "[    1.054474] e1000e: Intel(R) PRO/1000 Network Driver\n",
      "[    1.055060] e1000e: Copyright(c) 1999 - 2015 Intel Corporation.\n",
      "[    1.055775] igb: Intel(R) Gigabit Ethernet Network Driver\n",
      "[    1.056442] igb: Copyright (c) 2007-2014 Intel Corporation.\n",
      "[    1.057092] sky2: driver version 1.30\n",
      "[    1.057562] VMware vmxnet3 virtual NIC driver - version 1.7.0.0-k-NAPI\n",
      "[    1.058333] e1000 0000:00:02.0 eth0: no PCI slot information\n",
      "[    1.059023] hv_vmbus: registering driver hv_netvsc\n",
      "[    1.059597] Fusion MPT base driver 3.04.20\n",
      "[    1.060072] Copyright (c) 1999-2008 LSI Corporation\n",
      "[    1.060641] Fusion MPT SPI Host driver 3.04.20\n",
      "[    1.061193] Fusion MPT SAS Host driver 3.04.20\n",
      "[    1.143097] ehci-pci 0000:00:04.7: EHCI Host Controller\n",
      "[    1.144206] ehci-pci 0000:00:04.7: new USB bus registered, assigned bus number 1\n",
      "[    1.145285] ehci-pci 0000:00:04.7: irq 11, io mem 0x80060000\n",
      "[    1.152381] ehci-pci 0000:00:04.7: USB 2.0 started, EHCI 1.00\n",
      "[    1.154070] usb usb1: New USB device found, idVendor=1d6b, idProduct=0002, bcdDevice= 6.06\n",
      "[    1.155134] usb usb1: New USB device strings: Mfr=3, Product=2, SerialNumber=1\n",
      "[    1.156053] usb usb1: Product: EHCI Host Controller\n",
      "[    1.156675] usb usb1: Manufacturer: Linux 6.6.33-haos ehci_hcd\n",
      "[    1.157378] usb usb1: SerialNumber: 0000:00:04.7\n",
      "[    1.158085] hub 1-0:1.0: USB hub found\n",
      "[    1.158616] hub 1-0:1.0: 6 ports detected\n",
      "[    1.159481] uhci_hcd 0000:00:04.0: UHCI Host Controller\n",
      "[    1.160226] uhci_hcd 0000:00:04.0: new USB bus registered, assigned bus number 2\n",
      "[    1.161191] uhci_hcd 0000:00:04.0: irq 11, io port 0x0000c100\n",
      "[    1.161950] usb usb2: New USB device found, idVendor=1d6b, idProduct=0001, bcdDevice= 6.06\n",
      "[    1.162962] usb usb2: New USB device strings: Mfr=3, Product=2, SerialNumber=1\n",
      "[    1.163900] usb usb2: Product: UHCI Host Controller\n",
      "[    1.164626] usb usb2: Manufacturer: Linux 6.6.33-haos uhci_hcd\n",
      "[    1.165414] usb usb2: SerialNumber: 0000:00:04.0\n",
      "[    1.166319] hub 2-0:1.0: USB hub found\n",
      "[    1.166854] hub 2-0:1.0: 2 ports detected\n",
      "[    1.197045] uhci_hcd 0000:00:04.1: UHCI Host Controller\n",
      "[    1.198029] uhci_hcd 0000:00:04.1: new USB bus registered, assigned bus number 3\n",
      "[    1.199142] uhci_hcd 0000:00:04.1: irq 10, io port 0x0000c0e0\n",
      "[    1.199937] usb usb3: New USB device found, idVendor=1d6b, idProduct=0001, bcdDevice= 6.06\n",
      "[    1.201096] usb usb3: New USB device strings: Mfr=3, Product=2, SerialNumber=1\n",
      "[    1.202004] usb usb3: Product: UHCI Host Controller\n",
      "[    1.202649] usb usb3: Manufacturer: Linux 6.6.33-haos uhci_hcd\n",
      "[    1.203418] usb usb3: SerialNumber: 0000:00:04.1\n",
      "[    1.204235] hub 3-0:1.0: USB hub found\n",
      "[    1.204724] hub 3-0:1.0: 2 ports detected\n",
      "[    1.235030] uhci_hcd 0000:00:04.2: UHCI Host Controller\n",
      "[    1.235976] uhci_hcd 0000:00:04.2: new USB bus registered, assigned bus number 4\n",
      "[    1.237020] uhci_hcd 0000:00:04.2: irq 10, io port 0x0000c0c0\n",
      "[    1.237829] usb usb4: New USB device found, idVendor=1d6b, idProduct=0001, bcdDevice= 6.06\n",
      "[    1.238876] usb usb4: New USB device strings: Mfr=3, Product=2, SerialNumber=1\n",
      "[    1.239781] usb usb4: Product: UHCI Host Controller\n",
      "[    1.240420] usb usb4: Manufacturer: Linux 6.6.33-haos uhci_hcd\n",
      "[    1.241158] usb usb4: SerialNumber: 0000:00:04.2\n",
      "[    1.242066] hub 4-0:1.0: USB hub found\n",
      "[    1.242565] hub 4-0:1.0: 2 ports detected\n",
      "[    1.243312] usbcore: registered new interface driver usblp\n",
      "[    1.244100] usbcore: registered new interface driver usb-storage\n",
      "[    1.244896] usbcore: registered new interface driver usbserial_generic\n",
      "[    1.245843] usbserial: USB Serial support registered for generic\n",
      "[    1.246795] i8042: PNP: PS/2 Controller [PNP0303:KBD,PNP0f13:MOU] at 0x60,0x64 irq 1,12\n",
      "[    1.248397] serio: i8042 KBD port at 0x60,0x64 irq 1\n",
      "[    1.249070] serio: i8042 AUX port at 0x60,0x64 irq 12\n",
      "[    1.250010] rtc_cmos 00:04: RTC can wake from S4\n",
      "[    1.251535] rtc_cmos 00:04: registered as rtc0\n",
      "[    1.252406] input: AT Translated Set 2 keyboard as /devices/platform/i8042/serio0/input/input1\n",
      "[    1.253557] rtc_cmos 00:04: alarms up to one day, y3k, 242 bytes nvram\n",
      "[    1.256346] Driver for 1-wire Dallas network protocol.\n",
      "[    1.258610] device-mapper: ioctl: 4.48.0-ioctl (2023-03-01) initialised: dm-devel@redhat.com\n",
      "[    1.261431] sdhci: Secure Digital Host Controller Interface driver\n",
      "[    1.263178] sdhci: Copyright(c) Pierre Ossman\n",
      "[    1.264553] hid: raw HID events driver (C) Jiri Kosina\n",
      "[    1.266552] usbcore: registered new interface driver usbhid\n",
      "[    1.268199] usbhid: USB HID core driver\n",
      "[    1.272028] IPVS: Registered protocols ()\n",
      "[    1.273289] IPVS: Connection hash table configured (size=4096, memory=32Kbytes)\n",
      "[    1.275601] IPVS: ipvs loaded.\n",
      "[    1.276535] IPVS: [rr] scheduler registered.\n",
      "[    1.278073] NET: Registered PF_INET6 protocol family\n",
      "[    1.279799] Segment Routing with IPv6\n",
      "[    1.280315] In-situ OAM (IOAM) with IPv6\n",
      "[    1.280889] NET: Registered PF_PACKET protocol family\n",
      "[    1.281581] Bridge firewalling registered\n",
      "[    1.282131] Key type dns_resolver registered\n",
      "[    1.283015] IPI shorthand broadcast: enabled\n",
      "[    1.289188] sched_clock: Marking stable (1180002264, 108254278)->(1379168511, -90911969)\n",
      "[    1.290629] registered taskstats version 1\n",
      "[    1.291205] Loading compiled-in X.509 certificates\n",
      "[    1.296018] zswap: loaded using pool lz4/zsmalloc\n",
      "[    1.299907] AppArmor: AppArmor sha1 policy hashing enabled\n",
      "[    1.301007] PM:   Magic number: 0:278:913\n",
      "[    1.301652] printk: console [netcon0] enabled\n",
      "[    1.302205] netconsole: network logging started\n",
      "[    1.302951] clk: Disabling unused clocks\n",
      "[    1.303473] ALSA device list:\n",
      "[    1.303855]   No soundcards found.\n",
      "[    1.881215] input: ImExPS/2 Generic Explorer Mouse as /devices/platform/i8042/serio1/input/input3\n",
      "[    1.884017] md: Waiting for all devices to be available before autodetect\n",
      "[    1.885542] md: If you don't use raid, use raid=noautodetect\n",
      "[    1.886242] md: Autodetecting RAID arrays.\n",
      "[    1.886776] md: autorun ...\n",
      "[    1.887126] md: ... autorun DONE.\n",
      "[    1.891765] VFS: Mounted root (squashfs filesystem) readonly on device 8:3.\n",
      "[    1.893653] devtmpfs: mounted\n",
      "[    1.895281] Freeing unused kernel image (initmem) memory: 3000K\n",
      "[    1.896061] Write protecting the kernel read-only data: 28672k\n",
      "[    1.897357] Freeing unused kernel image (rodata/data gap) memory: 792K\n",
      "[    1.953142] x86/mm: Checked W+X mappings: passed, no W+X pages found.\n",
      "[    1.954037] Run /sbin/init as init process\n",
      "[    2.031758] systemd[1]: MachineID '' is not valid, ignoring: Invalid argument\n",
      "[    2.033044] systemd[1]: systemd 254 running in system mode (+PAM -AUDIT -SELINUX +APPARMOR -IMA -SMACK +SECCOMP -GCRYPT -GNUTLS +OPENSSL -ACL +BLKID +CURL -ELFUTILS -FIDO2 -IDN2 -IDN +IPTC +KMOD +LIBCRYPTSETUP +LIBFDISK +PCRE2 -PWQUALITY -P11KIT -QRENCODE -TPM2 -BZIP2 -LZ4 -XZ +ZLIB -ZSTD -BPF_FRAMEWORK -XKBCOMMON -UTMP -SYSVINIT default-hierarchy=unified)\n",
      "[    2.037109] systemd[1]: Detected virtualization kvm.\n",
      "[    2.037755] systemd[1]: Detected architecture x86-64.\n",
      "[    2.038509] systemd[1]: Kernel commandline argument says we are in first boot.\n",
      "[    2.040953] systemd[1]: Hostname set to <homeassistant>.\n",
      "[    2.041938] systemd[1]: Initializing machine ID from VM UUID.\n",
      "[    2.263170] systemd[1]: Populated /etc with preset unit settings.\n",
      "[    2.326252] systemd[1]: Queued start job for default target Multi-User System.\n",
      "[    2.341294] systemd[1]: Created slice Slice /system/ha-cli.\n",
      "[    2.343058] systemd[1]: Created slice Slice /system/modprobe.\n",
      "[    2.344413] systemd[1]: Created slice Slice /system/serial-getty.\n",
      "[    2.345525] systemd[1]: Created slice Slice /system/systemd-fsck.\n",
      "[    2.346985] systemd[1]: Created slice Slice /system/systemd-growfs.\n",
      "[    2.348602] systemd[1]: Created slice User and Session Slice.\n",
      "[    2.349623] systemd[1]: Started Dispatch Password Requests to Console Directory Watch.\n",
      "[    2.350634] systemd[1]: Started Forward Password Requests to Wall Directory Watch.\n",
      "[    2.351412] systemd[1]: Expecting device /dev/disk/by-label/hassos-boot...\n",
      "[    2.352081] systemd[1]: Expecting device /dev/disk/by-label/hassos-data...\n",
      "[    2.352775] systemd[1]: Expecting device /dev/disk/by-label/hassos-overlay...\n",
      "[    2.353498] systemd[1]: Expecting device /dev/ttyS0...\n",
      "[    2.354006] systemd[1]: Expecting device /dev/virtio-ports/org.qemu.guest_agent.0...\n",
      "[    2.354821] systemd[1]: Expecting device /dev/zram2...\n",
      "[    2.355452] systemd[1]: Reached target Local Encrypted Volumes.\n",
      "[    2.356452] systemd[1]: Reached target HassOS hardware targets.\n",
      "[    2.357539] systemd[1]: Reached target HassOS zram targets.\n",
      "[    2.358624] systemd[1]: Reached target Local Integrity Protected Volumes.\n",
      "[    2.359730] systemd[1]: Reached target NFS client services.\n",
      "[    2.360638] systemd[1]: Reached target Path Units.\n",
      "[    2.361431] systemd[1]: Reached target Preparation for Remote File Systems.\n",
      "[    2.362480] systemd[1]: Reached target Remote Encrypted Volumes.\n",
      "[    2.363508] systemd[1]: Reached target Remote File Systems.\n",
      "[    2.364151] systemd[1]: Reached target Remote Verity Protected Volumes.\n",
      "[    2.364933] systemd[1]: Reached target Slice Units.\n",
      "[    2.365680] systemd[1]: Reached target Local Verity Protected Volumes.\n",
      "[    2.367355] systemd[1]: Listening on D-Bus System Message Bus Socket.\n",
      "[    2.385074] systemd[1]: Listening on RPCbind Server Activation Socket.\n",
      "[    2.387176] systemd[1]: Reached target RPC Port Mapper.\n",
      "[    2.389284] systemd[1]: Listening on Process Core Dump Socket.\n",
      "[    2.390761] systemd[1]: Listening on Journal Audit Socket.\n",
      "[    2.391860] systemd[1]: Listening on Journal Socket (/dev/log).\n",
      "[    2.393182] systemd[1]: Listening on Journal Socket.\n",
      "[    2.394929] systemd[1]: Listening on udev Control Socket.\n",
      "[    2.395923] systemd[1]: Listening on udev Kernel Socket.\n",
      "[    2.400014] systemd[1]: Mounting Huge Pages File System...\n",
      "[    2.402738] systemd[1]: Mounting POSIX Message Queue File System...\n",
      "[    2.403777] systemd[1]: Mount /proc/xen files was skipped because of an unmet condition check (ConditionPathExists=/proc/xen).\n",
      "[    2.406860] systemd[1]: Mounting Kernel Debug File System...\n",
      "[    2.409505] systemd[1]: Mounting Kernel Trace File System...\n",
      "[    2.412001] systemd[1]: Starting D-Bus System Message Bus...\n",
      "[    2.415616] systemd[1]: Starting Create List of Static Device Nodes...\n",
      "[    2.417636] systemd[1]: Starting Load Kernel Module configfs...\n",
      "[    2.420650] systemd[1]: Starting Load Kernel Module drm...\n",
      "[    2.422784] systemd[1]: Starting Load Kernel Module efi_pstore...\n",
      "[    2.426910] systemd[1]: Starting Load Kernel Module fuse...\n",
      "[    2.431111] systemd[1]: Starting Journal Service...\n",
      "[    2.433526] systemd[1]: Starting Generate network units from Kernel command line...\n",
      "[    2.435851] systemd[1]: Starting Remount Root and Kernel File Systems...\n",
      "[    2.439812] systemd[1]: Starting Coldplug All udev Devices...\n",
      "[    2.443349] systemd[1]: Starting Disk Manager...\n",
      "[    2.445889] systemd[1]: Starting HassOS ZRAM tmp...\n",
      "[    2.449011] systemd[1]: Starting HassOS ZRAM var...\n",
      "[    2.455786] systemd[1]: Mounted Huge Pages File System.\n",
      "[    2.459583] systemd[1]: Started D-Bus System Message Bus.\n",
      "[    2.464544] systemd[1]: Mounted POSIX Message Queue File System.\n",
      "[    2.466243] systemd[1]: Mounted Kernel Debug File System.\n",
      "[    2.467289] systemd[1]: Mounted Kernel Trace File System.\n",
      "[    2.471330] systemd[1]: Finished Create List of Static Device Nodes.\n",
      "[    2.472693] systemd[1]: modprobe@configfs.service: Deactivated successfully.\n",
      "[    2.474436] systemd[1]: Finished Load Kernel Module configfs.\n",
      "[    2.475433] systemd[1]: modprobe@drm.service: Deactivated successfully.\n",
      "[    2.476655] systemd[1]: Finished Load Kernel Module drm.\n",
      "[    2.479059] systemd[1]: modprobe@efi_pstore.service: Deactivated successfully.\n",
      "[    2.480431] systemd[1]: Finished Load Kernel Module efi_pstore.\n",
      "[    2.482732] systemd[1]: modprobe@fuse.service: Deactivated successfully.\n",
      "[    2.483446] zram1: detected capacity change from 0 to 65536\n",
      "[    2.483923] systemd[1]: Finished Load Kernel Module fuse.\n",
      "[    2.484684] zram2: detected capacity change from 0 to 32768\n",
      "[    2.487024] systemd[1]: Finished Generate network units from Kernel command line.\n",
      "[    2.488793] systemd[1]: Finished Remount Root and Kernel File Systems.\n",
      "[    2.492907] systemd[1]: Reached target Preparation for Network.\n",
      "[    2.496053] systemd-journald[96]: Collecting audit messages is enabled.\n",
      "[    2.498518] systemd[1]: Mounting FUSE Control File System...\n",
      "[    2.499471] systemd[1]: Kernel Configuration File System was skipped because of an unmet condition check (ConditionPathExists=/sys/kernel/config).\n",
      "[    2.507777] systemd[1]: Starting Create Static Device Nodes in /dev gracefully...\n",
      "[    2.512029] systemd[1]: Mounted FUSE Control File System.\n",
      "[    2.518698] systemd[1]: Finished HassOS ZRAM var.\n",
      "[    2.521361] systemd[1]: Finished HassOS ZRAM tmp.\n",
      "[    2.571404] systemd[1]: Started Journal Service.\n",
      "[    2.625760] audit: type=1334 audit(1721181252.286:2): prog-id=6 op=LOAD\n",
      "[    2.626441] audit: type=1334 audit(1721181252.286:3): prog-id=7 op=LOAD\n",
      "[    2.727904] e1000 0000:00:02.0 enp0s2: renamed from eth0\n",
      "[    3.096111] EXT4-fs (sda7): mounted filesystem d9782bf6-7892-432a-87ef-bbef6d7acfdf r/w with ordered data mode. Quota mode: none.\n",
      "\n",
      "Welcome to Home Assistant\n",
      "homeassistant login: \n",
      "homeassistant login: "
     ]
    }
   ],
   "source": [
    "! virt-install \\\n",
    "    --name homeassistant \\\n",
    "     --os-variant=generic \\\n",
    "     --ram=2048 \\\n",
    "      --vcpus=2 \\\n",
    "       --disk haos_ova-12.4.qcow2,bus=scsi \\\n",
    "       --controller type=scsi,model=virtio-scsi \\\n",
    "       --import \\\n",
    "       --graphics none \\\n",
    "       --boot loader=\"$(guix build ovmf)/share/firmware/ovmf_x64.bin\""
   ]
  },
  {
   "cell_type": "code",
   "execution_count": 29,
   "metadata": {},
   "outputs": [],
   "source": [
    "! qemu-system-x86_64 \\\n",
    "\t\t-enable-kvm \\\n",
    "\t\t-drive \"file=haos_ova-12.4.qcow2,format=qcow2\" \\\n",
    "\t\t-m 2048 \\\n",
    "\t\t-nic \"user,model=virtio-net-pci,hostfwd=tcp::8123-:8123\" \\\n",
    "        -bios \"$(guix build ovmf)/share/firmware/ovmf_x64.bin\"\n"
   ]
  },
  {
   "cell_type": "markdown",
   "metadata": {
    "vscode": {
     "languageId": "shellscript"
    }
   },
   "source": [
    "Shell> bcfg boot add 0 FS0:\\EFI\\BOOT\\grubx64.efi \"My GRUB Bootloader\"\n",
    "   Shell> reset"
   ]
  },
  {
   "cell_type": "code",
   "execution_count": 23,
   "metadata": {
    "vscode": {
     "languageId": "shellscript"
    }
   },
   "outputs": [],
   "source": [
    "! qemu-system-x86_64 \\\n",
    "\t\t-enable-kvm \\\n",
    "\t\t-drive \"if=virtio,file=haos_ova-12.4.qcow2,format=qcow2\" \\\n",
    "\t\t-device virtio-scsi-pci,id=scsi \\\n",
    "\t\t-m 2048 \\\n",
    "\t\t-nic \"user,model=virtio-net-pci,hostfwd=tcp:127.0.0.1:8123-:8123\" \\\n",
    "        -bios \"$(guix build ovmf)/share/firmware/ovmf_x64.bin\"\n"
   ]
  }
 ],
 "metadata": {
  "kernelspec": {
   "display_name": "Python 3 (ipykernel)",
   "language": "python",
   "name": "python3"
  },
  "language_info": {
   "codemirror_mode": {
    "name": "ipython",
    "version": 3
   },
   "file_extension": ".py",
   "mimetype": "text/x-python",
   "name": "python",
   "nbconvert_exporter": "python",
   "pygments_lexer": "ipython3",
   "version": "3.10.7"
  }
 },
 "nbformat": 4,
 "nbformat_minor": 2
}
